// Jest Snapshot v1, https://goo.gl/fbAQLP

exports[`should render placeholder element when using placeholder prop 1`] = `
<div class="van-tabbar__placeholder"
     style="height: 50px;"
>
  <div role="tablist"
       class="van-tabbar van-tabbar--fixed van-hairline--top-bottom van-safe-area-bottom"
  >
  </div>
</div>
`;
