// Jest Snapshot v1, https://goo.gl/fbAQLP

exports[`should render demo and match snapshot 1`] = `
<div>
  <div class="van-cell van-cell--clickable"
       role="button"
       tabindex="0"
  >
    <div class="van-cell__title">
      <span>
        Basic Usage
      </span>
    </div>
    <i class="van-badge__wrapper van-icon van-icon-arrow van-cell__right-icon">
    </i>
  </div>
</div>
<div>
  <div class="van-cell van-cell--clickable"
       role="button"
       tabindex="0"
  >
    <div class="van-cell__title">
      <span>
        Primary
      </span>
    </div>
    <i class="van-badge__wrapper van-icon van-icon-arrow van-cell__right-icon">
    </i>
  </div>
  <div class="van-cell van-cell--clickable"
       role="button"
       tabindex="0"
  >
    <div class="van-cell__title">
      <span>
        Success
      </span>
    </div>
    <i class="van-badge__wrapper van-icon van-icon-arrow van-cell__right-icon">
    </i>
  </div>
  <div class="van-cell van-cell--clickable"
       role="button"
       tabindex="0"
  >
    <div class="van-cell__title">
      <span>
        Danger
      </span>
    </div>
    <i class="van-badge__wrapper van-icon van-icon-arrow van-cell__right-icon">
    </i>
  </div>
  <div class="van-cell van-cell--clickable"
       role="button"
       tabindex="0"
  >
    <div class="van-cell__title">
      <span>
        Warning
      </span>
    </div>
    <i class="van-badge__wrapper van-icon van-icon-arrow van-cell__right-icon">
    </i>
  </div>
</div>
<div>
  <div class="van-cell van-cell--clickable"
       role="button"
       tabindex="0"
  >
    <div class="van-cell__title">
      <span>
        Custom Color
      </span>
    </div>
    <i class="van-badge__wrapper van-icon van-icon-arrow van-cell__right-icon">
    </i>
  </div>
  <div class="van-cell van-cell--clickable"
       role="button"
       tabindex="0"
  >
    <div class="van-cell__title">
      <span>
        Custom Position
      </span>
    </div>
    <i class="van-badge__wrapper van-icon van-icon-arrow van-cell__right-icon">
    </i>
  </div>
  <div class="van-cell van-cell--clickable"
       role="button"
       tabindex="0"
  >
    <div class="van-cell__title">
      <span>
        Custom Duration
      </span>
    </div>
    <i class="van-badge__wrapper van-icon van-icon-arrow van-cell__right-icon">
    </i>
  </div>
</div>
<div>
  <div class="van-cell van-cell--clickable"
       role="button"
       tabindex="0"
  >
    <div class="van-cell__title">
      <span>
        Component Call
      </span>
    </div>
    <i class="van-badge__wrapper van-icon van-icon-arrow van-cell__right-icon">
    </i>
  </div>
  <transition-stub>
  </transition-stub>
</div>
`;
