// Jest Snapshot v1, https://goo.gl/fbAQLP

exports[`should render demo and match snapshot 1`] = `
<div>
  <div class="van-cell van-cell--clickable"
       role="button"
       tabindex="0"
  >
    <div class="van-cell__title">
      <span>
        Text
      </span>
    </div>
    <i class="van-badge__wrapper van-icon van-icon-arrow van-cell__right-icon">
    </i>
  </div>
  <div class="van-cell van-cell--clickable"
       role="button"
       tabindex="0"
  >
    <div class="van-cell__title">
      <span>
        Loading
      </span>
    </div>
    <i class="van-badge__wrapper van-icon van-icon-arrow van-cell__right-icon">
    </i>
  </div>
  <div class="van-cell van-cell--clickable"
       role="button"
       tabindex="0"
  >
    <div class="van-cell__title">
      <span>
        Success
      </span>
    </div>
    <i class="van-badge__wrapper van-icon van-icon-arrow van-cell__right-icon">
    </i>
  </div>
  <div class="van-cell van-cell--clickable"
       role="button"
       tabindex="0"
  >
    <div class="van-cell__title">
      <span>
        Fail
      </span>
    </div>
    <i class="van-badge__wrapper van-icon van-icon-arrow van-cell__right-icon">
    </i>
  </div>
</div>
<div>
  <div class="van-cell van-cell--clickable"
       role="button"
       tabindex="0"
  >
    <div class="van-cell__title">
      <span>
        Custom Icon
      </span>
    </div>
    <i class="van-badge__wrapper van-icon van-icon-arrow van-cell__right-icon">
    </i>
  </div>
  <div class="van-cell van-cell--clickable"
       role="button"
       tabindex="0"
  >
    <div class="van-cell__title">
      <span>
        Custom Image
      </span>
    </div>
    <i class="van-badge__wrapper van-icon van-icon-arrow van-cell__right-icon">
    </i>
  </div>
  <div class="van-cell van-cell--clickable"
       role="button"
       tabindex="0"
  >
    <div class="van-cell__title">
      <span>
        Loading Type
      </span>
    </div>
    <i class="van-badge__wrapper van-icon van-icon-arrow van-cell__right-icon">
    </i>
  </div>
</div>
<div>
  <div class="van-cell van-cell--clickable"
       role="button"
       tabindex="0"
  >
    <div class="van-cell__title">
      <span>
        Top
      </span>
    </div>
    <i class="van-badge__wrapper van-icon van-icon-arrow van-cell__right-icon">
    </i>
  </div>
  <div class="van-cell van-cell--clickable"
       role="button"
       tabindex="0"
  >
    <div class="van-cell__title">
      <span>
        Bottom
      </span>
    </div>
    <i class="van-badge__wrapper van-icon van-icon-arrow van-cell__right-icon">
    </i>
  </div>
</div>
<div>
  <div class="van-cell van-cell--clickable"
       role="button"
       tabindex="0"
  >
    <div class="van-cell__title">
      <span>
        Update Message
      </span>
    </div>
    <i class="van-badge__wrapper van-icon van-icon-arrow van-cell__right-icon">
    </i>
  </div>
</div>
`;
