// Jest Snapshot v1, https://goo.gl/fbAQLP

exports[`should allow to render JSX message 1`] = `
<div class="van-dialog__message">
  <div>
    foo
  </div>
</div>
`;
